Title,Owner,PageURL,AssetURL,FileName,DateCreated,DateUpdated,FileSize,FileSizeUnit,FileType,NumRecords,OriginalTags,ManualTags,License,Description
Air Quality Management Areas,North Lanarkshire Council,https://gisdata-nlcmaps.opendata.arcgis.com/maps/nlcmaps::air-quality-management-areas,https://maps.northlanarkshire.gov.uk/server/rest/services/PUBLIC/OPEN_DATA_LAYERS/FeatureServer/15,,,2017-05-23,,,ArcGIS GeoService,,Air;Quality;Management;Areas;AQMA,,,Air Quality Management Areas
Air Quality Management Areas,North Lanarkshire Council,https://gisdata-nlcmaps.opendata.arcgis.com/maps/nlcmaps::air-quality-management-areas,https://gisdata-nlcmaps.opendata.arcgis.com/datasets/nlcmaps::air-quality-management-areas.csv?outSR=%7B%22latestWkid%22%3A27700%2C%22wkid%22%3A27700%7D,,,2017-05-23,,,CSV,,Air;Quality;Management;Areas;AQMA,,,Air Quality Management Areas
Air Quality Management Areas,North Lanarkshire Council,https://gisdata-nlcmaps.opendata.arcgis.com/maps/nlcmaps::air-quality-management-areas,https://gisdata-nlcmaps.opendata.arcgis.com/datasets/nlcmaps::air-quality-management-areas.geojson?outSR=%7B%22latestWkid%22%3A27700%2C%22wkid%22%3A27700%7D,,,2017-05-23,,,GeoJSON,,Air;Quality;Management;Areas;AQMA,,,Air Quality Management Areas
Air Quality Management Areas,North Lanarkshire Council,https://gisdata-nlcmaps.opendata.arcgis.com/maps/nlcmaps::air-quality-management-areas,https://gisdata-nlcmaps.opendata.arcgis.com/datasets/nlcmaps::air-quality-management-areas.zip?outSR=%7B%22latestWkid%22%3A27700%2C%22wkid%22%3A27700%7D,,,2017-05-23,,,ZIP,,Air;Quality;Management;Areas;AQMA,,,Air Quality Management Areas
Air Quality Management Areas,North Lanarkshire Council,https://gisdata-nlcmaps.opendata.arcgis.com/maps/nlcmaps::air-quality-management-areas,https://gisdata-nlcmaps.opendata.arcgis.com/datasets/nlcmaps::air-quality-management-areas.kml?outSR=%7B%22latestWkid%22%3A27700%2C%22wkid%22%3A27700%7D,,,2017-05-23,,,KML,,Air;Quality;Management;Areas;AQMA,,,Air Quality Management Areas
Local Nature Reserves,North Lanarkshire Council,https://gisdata-nlcmaps.opendata.arcgis.com/maps/nlcmaps::local-nature-reserves,https://maps.northlanarkshire.gov.uk/server/rest/services/PUBLIC/OPEN_DATA_LAYERS/FeatureServer/10,,,2016-04-25,,,ArcGIS GeoService,,Local;Nature;Reserves,,,Local Nature Reserves
Local Nature Reserves,North Lanarkshire Council,https://gisdata-nlcmaps.opendata.arcgis.com/maps/nlcmaps::local-nature-reserves,https://gisdata-nlcmaps.opendata.arcgis.com/datasets/nlcmaps::local-nature-reserves.csv?outSR=%7B%22latestWkid%22%3A27700%2C%22wkid%22%3A27700%7D,,,2016-04-25,,,CSV,,Local;Nature;Reserves,,,Local Nature Reserves
Local Nature Reserves,North Lanarkshire Council,https://gisdata-nlcmaps.opendata.arcgis.com/maps/nlcmaps::local-nature-reserves,https://gisdata-nlcmaps.opendata.arcgis.com/datasets/nlcmaps::local-nature-reserves.geojson?outSR=%7B%22latestWkid%22%3A27700%2C%22wkid%22%3A27700%7D,,,2016-04-25,,,GeoJSON,,Local;Nature;Reserves,,,Local Nature Reserves
Local Nature Reserves,North Lanarkshire Council,https://gisdata-nlcmaps.opendata.arcgis.com/maps/nlcmaps::local-nature-reserves,https://gisdata-nlcmaps.opendata.arcgis.com/datasets/nlcmaps::local-nature-reserves.zip?outSR=%7B%22latestWkid%22%3A27700%2C%22wkid%22%3A27700%7D,,,2016-04-25,,,ZIP,,Local;Nature;Reserves,,,Local Nature Reserves
Local Nature Reserves,North Lanarkshire Council,https://gisdata-nlcmaps.opendata.arcgis.com/maps/nlcmaps::local-nature-reserves,https://gisdata-nlcmaps.opendata.arcgis.com/datasets/nlcmaps::local-nature-reserves.kml?outSR=%7B%22latestWkid%22%3A27700%2C%22wkid%22%3A27700%7D,,,2016-04-25,,,KML,,Local;Nature;Reserves,,,Local Nature Reserves
Area of Great Landscape Value,North Lanarkshire Council,https://gisdata-nlcmaps.opendata.arcgis.com/maps/nlcmaps::area-of-great-landscape-value,https://maps.northlanarkshire.gov.uk/server/rest/services/PUBLIC/OPEN_DATA_LAYERS/FeatureServer/17,,,2017-05-23,,,ArcGIS GeoService,,Area;Great;Landscape;Value,,,Area of Great Landscape Value
Area of Great Landscape Value,North Lanarkshire Council,https://gisdata-nlcmaps.opendata.arcgis.com/maps/nlcmaps::area-of-great-landscape-value,https://gisdata-nlcmaps.opendata.arcgis.com/datasets/nlcmaps::area-of-great-landscape-value.csv?outSR=%7B%22latestWkid%22%3A27700%2C%22wkid%22%3A27700%7D,,,2017-05-23,,,CSV,,Area;Great;Landscape;Value,,,Area of Great Landscape Value
Area of Great Landscape Value,North Lanarkshire Council,https://gisdata-nlcmaps.opendata.arcgis.com/maps/nlcmaps::area-of-great-landscape-value,https://gisdata-nlcmaps.opendata.arcgis.com/datasets/nlcmaps::area-of-great-landscape-value.geojson?outSR=%7B%22latestWkid%22%3A27700%2C%22wkid%22%3A27700%7D,,,2017-05-23,,,GeoJSON,,Area;Great;Landscape;Value,,,Area of Great Landscape Value
Area of Great Landscape Value,North Lanarkshire Council,https://gisdata-nlcmaps.opendata.arcgis.com/maps/nlcmaps::area-of-great-landscape-value,https://gisdata-nlcmaps.opendata.arcgis.com/datasets/nlcmaps::area-of-great-landscape-value.zip?outSR=%7B%22latestWkid%22%3A27700%2C%22wkid%22%3A27700%7D,,,2017-05-23,,,ZIP,,Area;Great;Landscape;Value,,,Area of Great Landscape Value
Area of Great Landscape Value,North Lanarkshire Council,https://gisdata-nlcmaps.opendata.arcgis.com/maps/nlcmaps::area-of-great-landscape-value,https://gisdata-nlcmaps.opendata.arcgis.com/datasets/nlcmaps::area-of-great-landscape-value.kml?outSR=%7B%22latestWkid%22%3A27700%2C%22wkid%22%3A27700%7D,,,2017-05-23,,,KML,,Area;Great;Landscape;Value,,,Area of Great Landscape Value
Alcohol Prohibition Areas,North Lanarkshire Council,https://gisdata-nlcmaps.opendata.arcgis.com/maps/nlcmaps::alcohol-prohibition-areas,https://maps.northlanarkshire.gov.uk/server/rest/services/PUBLIC/OPEN_DATA_LAYERS/FeatureServer/16,,,2017-05-24,,,ArcGIS GeoService,,Alcohol;Prohibition;Areas,,,Alcohol Prohibition Areas
Alcohol Prohibition Areas,North Lanarkshire Council,https://gisdata-nlcmaps.opendata.arcgis.com/maps/nlcmaps::alcohol-prohibition-areas,https://gisdata-nlcmaps.opendata.arcgis.com/datasets/nlcmaps::alcohol-prohibition-areas.csv?outSR=%7B%22latestWkid%22%3A27700%2C%22wkid%22%3A27700%7D,,,2017-05-24,,,CSV,,Alcohol;Prohibition;Areas,,,Alcohol Prohibition Areas
Alcohol Prohibition Areas,North Lanarkshire Council,https://gisdata-nlcmaps.opendata.arcgis.com/maps/nlcmaps::alcohol-prohibition-areas,https://gisdata-nlcmaps.opendata.arcgis.com/datasets/nlcmaps::alcohol-prohibition-areas.geojson?outSR=%7B%22latestWkid%22%3A27700%2C%22wkid%22%3A27700%7D,,,2017-05-24,,,GeoJSON,,Alcohol;Prohibition;Areas,,,Alcohol Prohibition Areas
Alcohol Prohibition Areas,North Lanarkshire Council,https://gisdata-nlcmaps.opendata.arcgis.com/maps/nlcmaps::alcohol-prohibition-areas,https://gisdata-nlcmaps.opendata.arcgis.com/datasets/nlcmaps::alcohol-prohibition-areas.zip?outSR=%7B%22latestWkid%22%3A27700%2C%22wkid%22%3A27700%7D,,,2017-05-24,,,ZIP,,Alcohol;Prohibition;Areas,,,Alcohol Prohibition Areas
Alcohol Prohibition Areas,North Lanarkshire Council,https://gisdata-nlcmaps.opendata.arcgis.com/maps/nlcmaps::alcohol-prohibition-areas,https://gisdata-nlcmaps.opendata.arcgis.com/datasets/nlcmaps::alcohol-prohibition-areas.kml?outSR=%7B%22latestWkid%22%3A27700%2C%22wkid%22%3A27700%7D,,,2017-05-24,,,KML,,Alcohol;Prohibition;Areas,,,Alcohol Prohibition Areas
Denominational Primary Schools Catchments,North Lanarkshire Council,https://gisdata-nlcmaps.opendata.arcgis.com/maps/nlcmaps::denominational-primary-schools-catchments,https://maps.northlanarkshire.gov.uk/server/rest/services/PUBLIC/OPEN_DATA_LAYERS/FeatureServer/3,,,2016-04-25,,,ArcGIS GeoService,,Denominational;Primary;Catchments;school;schools,,,Denominational Primary Schools Catchments
Denominational Primary Schools Catchments,North Lanarkshire Council,https://gisdata-nlcmaps.opendata.arcgis.com/maps/nlcmaps::denominational-primary-schools-catchments,https://gisdata-nlcmaps.opendata.arcgis.com/datasets/nlcmaps::denominational-primary-schools-catchments.csv?outSR=%7B%22latestWkid%22%3A27700%2C%22wkid%22%3A27700%7D,,,2016-04-25,,,CSV,,Denominational;Primary;Catchments;school;schools,,,Denominational Primary Schools Catchments
Denominational Primary Schools Catchments,North Lanarkshire Council,https://gisdata-nlcmaps.opendata.arcgis.com/maps/nlcmaps::denominational-primary-schools-catchments,https://gisdata-nlcmaps.opendata.arcgis.com/datasets/nlcmaps::denominational-primary-schools-catchments.geojson?outSR=%7B%22latestWkid%22%3A27700%2C%22wkid%22%3A27700%7D,,,2016-04-25,,,GeoJSON,,Denominational;Primary;Catchments;school;schools,,,Denominational Primary Schools Catchments
Denominational Primary Schools Catchments,North Lanarkshire Council,https://gisdata-nlcmaps.opendata.arcgis.com/maps/nlcmaps::denominational-primary-schools-catchments,https://gisdata-nlcmaps.opendata.arcgis.com/datasets/nlcmaps::denominational-primary-schools-catchments.zip?outSR=%7B%22latestWkid%22%3A27700%2C%22wkid%22%3A27700%7D,,,2016-04-25,,,ZIP,,Denominational;Primary;Catchments;school;schools,,,Denominational Primary Schools Catchments
Denominational Primary Schools Catchments,North Lanarkshire Council,https://gisdata-nlcmaps.opendata.arcgis.com/maps/nlcmaps::denominational-primary-schools-catchments,https://gisdata-nlcmaps.opendata.arcgis.com/datasets/nlcmaps::denominational-primary-schools-catchments.kml?outSR=%7B%22latestWkid%22%3A27700%2C%22wkid%22%3A27700%7D,,,2016-04-25,,,KML,,Denominational;Primary;Catchments;school;schools,,,Denominational Primary Schools Catchments
Denominational Secondary Schools Catchments,North Lanarkshire Council,https://gisdata-nlcmaps.opendata.arcgis.com/maps/nlcmaps::denominational-secondary-schools-catchments,https://maps.northlanarkshire.gov.uk/server/rest/services/PUBLIC/OPEN_DATA_LAYERS/FeatureServer/4,,,2016-04-25,,,ArcGIS GeoService,,Denominational;Secondary;schools;Catchments,,,Denominational Secondary Schools Catchments
Denominational Secondary Schools Catchments,North Lanarkshire Council,https://gisdata-nlcmaps.opendata.arcgis.com/maps/nlcmaps::denominational-secondary-schools-catchments,https://gisdata-nlcmaps.opendata.arcgis.com/datasets/nlcmaps::denominational-secondary-schools-catchments.csv?outSR=%7B%22latestWkid%22%3A27700%2C%22wkid%22%3A27700%7D,,,2016-04-25,,,CSV,,Denominational;Secondary;schools;Catchments,,,Denominational Secondary Schools Catchments
Denominational Secondary Schools Catchments,North Lanarkshire Council,https://gisdata-nlcmaps.opendata.arcgis.com/maps/nlcmaps::denominational-secondary-schools-catchments,https://gisdata-nlcmaps.opendata.arcgis.com/datasets/nlcmaps::denominational-secondary-schools-catchments.geojson?outSR=%7B%22latestWkid%22%3A27700%2C%22wkid%22%3A27700%7D,,,2016-04-25,,,GeoJSON,,Denominational;Secondary;schools;Catchments,,,Denominational Secondary Schools Catchments
Denominational Secondary Schools Catchments,North Lanarkshire Council,https://gisdata-nlcmaps.opendata.arcgis.com/maps/nlcmaps::denominational-secondary-schools-catchments,https://gisdata-nlcmaps.opendata.arcgis.com/datasets/nlcmaps::denominational-secondary-schools-catchments.zip?outSR=%7B%22latestWkid%22%3A27700%2C%22wkid%22%3A27700%7D,,,2016-04-25,,,ZIP,,Denominational;Secondary;schools;Catchments,,,Denominational Secondary Schools Catchments
Denominational Secondary Schools Catchments,North Lanarkshire Council,https://gisdata-nlcmaps.opendata.arcgis.com/maps/nlcmaps::denominational-secondary-schools-catchments,https://gisdata-nlcmaps.opendata.arcgis.com/datasets/nlcmaps::denominational-secondary-schools-catchments.kml?outSR=%7B%22latestWkid%22%3A27700%2C%22wkid%22%3A27700%7D,,,2016-04-25,,,KML,,Denominational;Secondary;schools;Catchments,,,Denominational Secondary Schools Catchments
Non Denominational Primary Schools Catchments,North Lanarkshire Council,https://gisdata-nlcmaps.opendata.arcgis.com/maps/nlcmaps::non-denominational-primary-schools-catchments,https://maps.northlanarkshire.gov.uk/server/rest/services/PUBLIC/OPEN_DATA_LAYERS/FeatureServer/5,,,2016-04-25,,,ArcGIS GeoService,,Non Denominational;Primary;Schools;Catchments,,,Non Denominational Primary Schools Catchments
Non Denominational Primary Schools Catchments,North Lanarkshire Council,https://gisdata-nlcmaps.opendata.arcgis.com/maps/nlcmaps::non-denominational-primary-schools-catchments,https://gisdata-nlcmaps.opendata.arcgis.com/datasets/nlcmaps::non-denominational-primary-schools-catchments.csv?outSR=%7B%22latestWkid%22%3A27700%2C%22wkid%22%3A27700%7D,,,2016-04-25,,,CSV,,Non Denominational;Primary;Schools;Catchments,,,Non Denominational Primary Schools Catchments
Non Denominational Primary Schools Catchments,North Lanarkshire Council,https://gisdata-nlcmaps.opendata.arcgis.com/maps/nlcmaps::non-denominational-primary-schools-catchments,https://gisdata-nlcmaps.opendata.arcgis.com/datasets/nlcmaps::non-denominational-primary-schools-catchments.geojson?outSR=%7B%22latestWkid%22%3A27700%2C%22wkid%22%3A27700%7D,,,2016-04-25,,,GeoJSON,,Non Denominational;Primary;Schools;Catchments,,,Non Denominational Primary Schools Catchments
Non Denominational Primary Schools Catchments,North Lanarkshire Council,https://gisdata-nlcmaps.opendata.arcgis.com/maps/nlcmaps::non-denominational-primary-schools-catchments,https://gisdata-nlcmaps.opendata.arcgis.com/datasets/nlcmaps::non-denominational-primary-schools-catchments.zip?outSR=%7B%22latestWkid%22%3A27700%2C%22wkid%22%3A27700%7D,,,2016-04-25,,,ZIP,,Non Denominational;Primary;Schools;Catchments,,,Non Denominational Primary Schools Catchments
Non Denominational Primary Schools Catchments,North Lanarkshire Council,https://gisdata-nlcmaps.opendata.arcgis.com/maps/nlcmaps::non-denominational-primary-schools-catchments,https://gisdata-nlcmaps.opendata.arcgis.com/datasets/nlcmaps::non-denominational-primary-schools-catchments.kml?outSR=%7B%22latestWkid%22%3A27700%2C%22wkid%22%3A27700%7D,,,2016-04-25,,,KML,,Non Denominational;Primary;Schools;Catchments,,,Non Denominational Primary Schools Catchments
Non Denominational Secondary Schools Catchments,North Lanarkshire Council,https://gisdata-nlcmaps.opendata.arcgis.com/maps/nlcmaps::non-denominational-secondary-schools-catchments,https://maps.northlanarkshire.gov.uk/server/rest/services/PUBLIC/OPEN_DATA_LAYERS/FeatureServer/6,,,2016-04-25,,,ArcGIS GeoService,,Non Denominational;Secondary;Schools;Catchments,,,Non Denominational Secondary Schools Catchments
Non Denominational Secondary Schools Catchments,North Lanarkshire Council,https://gisdata-nlcmaps.opendata.arcgis.com/maps/nlcmaps::non-denominational-secondary-schools-catchments,https://gisdata-nlcmaps.opendata.arcgis.com/datasets/nlcmaps::non-denominational-secondary-schools-catchments.csv?outSR=%7B%22latestWkid%22%3A27700%2C%22wkid%22%3A27700%7D,,,2016-04-25,,,CSV,,Non Denominational;Secondary;Schools;Catchments,,,Non Denominational Secondary Schools Catchments
Non Denominational Secondary Schools Catchments,North Lanarkshire Council,https://gisdata-nlcmaps.opendata.arcgis.com/maps/nlcmaps::non-denominational-secondary-schools-catchments,https://gisdata-nlcmaps.opendata.arcgis.com/datasets/nlcmaps::non-denominational-secondary-schools-catchments.geojson?outSR=%7B%22latestWkid%22%3A27700%2C%22wkid%22%3A27700%7D,,,2016-04-25,,,GeoJSON,,Non Denominational;Secondary;Schools;Catchments,,,Non Denominational Secondary Schools Catchments
Non Denominational Secondary Schools Catchments,North Lanarkshire Council,https://gisdata-nlcmaps.opendata.arcgis.com/maps/nlcmaps::non-denominational-secondary-schools-catchments,https://gisdata-nlcmaps.opendata.arcgis.com/datasets/nlcmaps::non-denominational-secondary-schools-catchments.zip?outSR=%7B%22latestWkid%22%3A27700%2C%22wkid%22%3A27700%7D,,,2016-04-25,,,ZIP,,Non Denominational;Secondary;Schools;Catchments,,,Non Denominational Secondary Schools Catchments
Non Denominational Secondary Schools Catchments,North Lanarkshire Council,https://gisdata-nlcmaps.opendata.arcgis.com/maps/nlcmaps::non-denominational-secondary-schools-catchments,https://gisdata-nlcmaps.opendata.arcgis.com/datasets/nlcmaps::non-denominational-secondary-schools-catchments.kml?outSR=%7B%22latestWkid%22%3A27700%2C%22wkid%22%3A27700%7D,,,2016-04-25,,,KML,,Non Denominational;Secondary;Schools;Catchments,,,Non Denominational Secondary Schools Catchments
Rights of Way,North Lanarkshire Council,https://gisdata-nlcmaps.opendata.arcgis.com/maps/nlcmaps::rights-of-way,https://maps.northlanarkshire.gov.uk/server/rest/services/PUBLIC/OPEN_DATA_LAYERS/FeatureServer/13,,,2017-05-23,,,ArcGIS GeoService,,Rights of Way,,,Rights of Way
Rights of Way,North Lanarkshire Council,https://gisdata-nlcmaps.opendata.arcgis.com/maps/nlcmaps::rights-of-way,https://gisdata-nlcmaps.opendata.arcgis.com/datasets/nlcmaps::rights-of-way.csv?outSR=%7B%22latestWkid%22%3A27700%2C%22wkid%22%3A27700%7D,,,2017-05-23,,,CSV,,Rights of Way,,,Rights of Way
Rights of Way,North Lanarkshire Council,https://gisdata-nlcmaps.opendata.arcgis.com/maps/nlcmaps::rights-of-way,https://gisdata-nlcmaps.opendata.arcgis.com/datasets/nlcmaps::rights-of-way.geojson?outSR=%7B%22latestWkid%22%3A27700%2C%22wkid%22%3A27700%7D,,,2017-05-23,,,GeoJSON,,Rights of Way,,,Rights of Way
Rights of Way,North Lanarkshire Council,https://gisdata-nlcmaps.opendata.arcgis.com/maps/nlcmaps::rights-of-way,https://gisdata-nlcmaps.opendata.arcgis.com/datasets/nlcmaps::rights-of-way.zip?outSR=%7B%22latestWkid%22%3A27700%2C%22wkid%22%3A27700%7D,,,2017-05-23,,,ZIP,,Rights of Way,,,Rights of Way
Rights of Way,North Lanarkshire Council,https://gisdata-nlcmaps.opendata.arcgis.com/maps/nlcmaps::rights-of-way,https://gisdata-nlcmaps.opendata.arcgis.com/datasets/nlcmaps::rights-of-way.kml?outSR=%7B%22latestWkid%22%3A27700%2C%22wkid%22%3A27700%7D,,,2017-05-23,,,KML,,Rights of Way,,,Rights of Way
Polling Districts,North Lanarkshire Council,https://gisdata-nlcmaps.opendata.arcgis.com/maps/nlcmaps::polling-districts-1,https://maps.northlanarkshire.gov.uk/server/rest/services/PUBLIC/OPEN_DATA_LAYERS/FeatureServer/1,,,2017-04-12,,,ArcGIS GeoService,,Polling;Districts;NL;north lanarkshire,,,"<span style='color: rgb(51, 51, 51); font-family: &quot;Helvetica Neue&quot;, Helvetica, Arial, sans-serif; font-size: 14px; background-color: rgb(246, 253, 255);'>Boundaries of polling districts in North Lanarkshire. Data is derived from the Boundary Commission for Scotland Fifth Statutory Review.</span>"
Polling Districts,North Lanarkshire Council,https://gisdata-nlcmaps.opendata.arcgis.com/maps/nlcmaps::polling-districts-1,https://gisdata-nlcmaps.opendata.arcgis.com/datasets/nlcmaps::polling-districts-1.csv?outSR=%7B%22latestWkid%22%3A27700%2C%22wkid%22%3A27700%7D,,,2017-04-12,,,CSV,,Polling;Districts;NL;north lanarkshire,,,"<span style='color: rgb(51, 51, 51); font-family: &quot;Helvetica Neue&quot;, Helvetica, Arial, sans-serif; font-size: 14px; background-color: rgb(246, 253, 255);'>Boundaries of polling districts in North Lanarkshire. Data is derived from the Boundary Commission for Scotland Fifth Statutory Review.</span>"
Polling Districts,North Lanarkshire Council,https://gisdata-nlcmaps.opendata.arcgis.com/maps/nlcmaps::polling-districts-1,https://gisdata-nlcmaps.opendata.arcgis.com/datasets/nlcmaps::polling-districts-1.geojson?outSR=%7B%22latestWkid%22%3A27700%2C%22wkid%22%3A27700%7D,,,2017-04-12,,,GeoJSON,,Polling;Districts;NL;north lanarkshire,,,"<span style='color: rgb(51, 51, 51); font-family: &quot;Helvetica Neue&quot;, Helvetica, Arial, sans-serif; font-size: 14px; background-color: rgb(246, 253, 255);'>Boundaries of polling districts in North Lanarkshire. Data is derived from the Boundary Commission for Scotland Fifth Statutory Review.</span>"
Polling Districts,North Lanarkshire Council,https://gisdata-nlcmaps.opendata.arcgis.com/maps/nlcmaps::polling-districts-1,https://gisdata-nlcmaps.opendata.arcgis.com/datasets/nlcmaps::polling-districts-1.zip?outSR=%7B%22latestWkid%22%3A27700%2C%22wkid%22%3A27700%7D,,,2017-04-12,,,ZIP,,Polling;Districts;NL;north lanarkshire,,,"<span style='color: rgb(51, 51, 51); font-family: &quot;Helvetica Neue&quot;, Helvetica, Arial, sans-serif; font-size: 14px; background-color: rgb(246, 253, 255);'>Boundaries of polling districts in North Lanarkshire. Data is derived from the Boundary Commission for Scotland Fifth Statutory Review.</span>"
Polling Districts,North Lanarkshire Council,https://gisdata-nlcmaps.opendata.arcgis.com/maps/nlcmaps::polling-districts-1,https://gisdata-nlcmaps.opendata.arcgis.com/datasets/nlcmaps::polling-districts-1.kml?outSR=%7B%22latestWkid%22%3A27700%2C%22wkid%22%3A27700%7D,,,2017-04-12,,,KML,,Polling;Districts;NL;north lanarkshire,,,"<span style='color: rgb(51, 51, 51); font-family: &quot;Helvetica Neue&quot;, Helvetica, Arial, sans-serif; font-size: 14px; background-color: rgb(246, 253, 255);'>Boundaries of polling districts in North Lanarkshire. Data is derived from the Boundary Commission for Scotland Fifth Statutory Review.</span>"
SINC,North Lanarkshire Council,https://gisdata-nlcmaps.opendata.arcgis.com/maps/nlcmaps::sinc,https://maps.northlanarkshire.gov.uk/server/rest/services/PUBLIC/OPEN_DATA_LAYERS/FeatureServer/11,,,2016-04-25,,,ArcGIS GeoService,,sinc;sies;importance;nature;conservation,,,Sites of Interest for Nature Conservation
SINC,North Lanarkshire Council,https://gisdata-nlcmaps.opendata.arcgis.com/maps/nlcmaps::sinc,https://gisdata-nlcmaps.opendata.arcgis.com/datasets/nlcmaps::sinc.csv?outSR=%7B%22latestWkid%22%3A27700%2C%22wkid%22%3A27700%7D,,,2016-04-25,,,CSV,,sinc;sies;importance;nature;conservation,,,Sites of Interest for Nature Conservation
SINC,North Lanarkshire Council,https://gisdata-nlcmaps.opendata.arcgis.com/maps/nlcmaps::sinc,https://gisdata-nlcmaps.opendata.arcgis.com/datasets/nlcmaps::sinc.geojson?outSR=%7B%22latestWkid%22%3A27700%2C%22wkid%22%3A27700%7D,,,2016-04-25,,,GeoJSON,,sinc;sies;importance;nature;conservation,,,Sites of Interest for Nature Conservation
SINC,North Lanarkshire Council,https://gisdata-nlcmaps.opendata.arcgis.com/maps/nlcmaps::sinc,https://gisdata-nlcmaps.opendata.arcgis.com/datasets/nlcmaps::sinc.zip?outSR=%7B%22latestWkid%22%3A27700%2C%22wkid%22%3A27700%7D,,,2016-04-25,,,ZIP,,sinc;sies;importance;nature;conservation,,,Sites of Interest for Nature Conservation
SINC,North Lanarkshire Council,https://gisdata-nlcmaps.opendata.arcgis.com/maps/nlcmaps::sinc,https://gisdata-nlcmaps.opendata.arcgis.com/datasets/nlcmaps::sinc.kml?outSR=%7B%22latestWkid%22%3A27700%2C%22wkid%22%3A27700%7D,,,2016-04-25,,,KML,,sinc;sies;importance;nature;conservation,,,Sites of Interest for Nature Conservation
Tree Preservation Order,North Lanarkshire Council,https://gisdata-nlcmaps.opendata.arcgis.com/maps/nlcmaps::tree-preservation-order,https://maps.northlanarkshire.gov.uk/server/rest/services/PUBLIC/OPEN_DATA_LAYERS/FeatureServer/19,,,2018-11-16,,,ArcGIS GeoService,,TPO;Tree Preservation Order;north lanarkshire;Tree;Preservation;Order;North Lanarkshire Council;NLC,,,Tree Preservation Order 2018
Tree Preservation Order,North Lanarkshire Council,https://gisdata-nlcmaps.opendata.arcgis.com/maps/nlcmaps::tree-preservation-order,https://gisdata-nlcmaps.opendata.arcgis.com/datasets/nlcmaps::tree-preservation-order.csv?outSR=%7B%22latestWkid%22%3A27700%2C%22wkid%22%3A27700%7D,,,2018-11-16,,,CSV,,TPO;Tree Preservation Order;north lanarkshire;Tree;Preservation;Order;North Lanarkshire Council;NLC,,,Tree Preservation Order 2018
Tree Preservation Order,North Lanarkshire Council,https://gisdata-nlcmaps.opendata.arcgis.com/maps/nlcmaps::tree-preservation-order,https://gisdata-nlcmaps.opendata.arcgis.com/datasets/nlcmaps::tree-preservation-order.geojson?outSR=%7B%22latestWkid%22%3A27700%2C%22wkid%22%3A27700%7D,,,2018-11-16,,,GeoJSON,,TPO;Tree Preservation Order;north lanarkshire;Tree;Preservation;Order;North Lanarkshire Council;NLC,,,Tree Preservation Order 2018
Tree Preservation Order,North Lanarkshire Council,https://gisdata-nlcmaps.opendata.arcgis.com/maps/nlcmaps::tree-preservation-order,https://gisdata-nlcmaps.opendata.arcgis.com/datasets/nlcmaps::tree-preservation-order.zip?outSR=%7B%22latestWkid%22%3A27700%2C%22wkid%22%3A27700%7D,,,2018-11-16,,,ZIP,,TPO;Tree Preservation Order;north lanarkshire;Tree;Preservation;Order;North Lanarkshire Council;NLC,,,Tree Preservation Order 2018
Tree Preservation Order,North Lanarkshire Council,https://gisdata-nlcmaps.opendata.arcgis.com/maps/nlcmaps::tree-preservation-order,https://gisdata-nlcmaps.opendata.arcgis.com/datasets/nlcmaps::tree-preservation-order.kml?outSR=%7B%22latestWkid%22%3A27700%2C%22wkid%22%3A27700%7D,,,2018-11-16,,,KML,,TPO;Tree Preservation Order;north lanarkshire;Tree;Preservation;Order;North Lanarkshire Council;NLC,,,Tree Preservation Order 2018
North Lanarkshire Council - GIS Open Data,North Lanarkshire Council,https://gisdata-nlcmaps.opendata.arcgis.com/content/nlcmaps::north-lanarkshire-council-gis-open-data,https://gisdata-nlcmaps.opendata.arcgis.com,,,2017-04-12,,,ArcGIS GeoService,,site,,,North Lanarkshire Council
Conservation Areas,North Lanarkshire Council,https://gisdata-nlcmaps.opendata.arcgis.com/maps/nlcmaps::conservation-areas-1,https://maps.northlanarkshire.gov.uk/server/rest/services/PUBLIC/OPEN_DATA_LAYERS/FeatureServer/8,,,2016-04-25,,,ArcGIS GeoService,,Conservation;Areas,,,Areas of Conservation
Conservation Areas,North Lanarkshire Council,https://gisdata-nlcmaps.opendata.arcgis.com/maps/nlcmaps::conservation-areas-1,https://gisdata-nlcmaps.opendata.arcgis.com/datasets/nlcmaps::conservation-areas-1.csv?outSR=%7B%22latestWkid%22%3A27700%2C%22wkid%22%3A27700%7D,,,2016-04-25,,,CSV,,Conservation;Areas,,,Areas of Conservation
Conservation Areas,North Lanarkshire Council,https://gisdata-nlcmaps.opendata.arcgis.com/maps/nlcmaps::conservation-areas-1,https://gisdata-nlcmaps.opendata.arcgis.com/datasets/nlcmaps::conservation-areas-1.geojson?outSR=%7B%22latestWkid%22%3A27700%2C%22wkid%22%3A27700%7D,,,2016-04-25,,,GeoJSON,,Conservation;Areas,,,Areas of Conservation
Conservation Areas,North Lanarkshire Council,https://gisdata-nlcmaps.opendata.arcgis.com/maps/nlcmaps::conservation-areas-1,https://gisdata-nlcmaps.opendata.arcgis.com/datasets/nlcmaps::conservation-areas-1.zip?outSR=%7B%22latestWkid%22%3A27700%2C%22wkid%22%3A27700%7D,,,2016-04-25,,,ZIP,,Conservation;Areas,,,Areas of Conservation
Conservation Areas,North Lanarkshire Council,https://gisdata-nlcmaps.opendata.arcgis.com/maps/nlcmaps::conservation-areas-1,https://gisdata-nlcmaps.opendata.arcgis.com/datasets/nlcmaps::conservation-areas-1.kml?outSR=%7B%22latestWkid%22%3A27700%2C%22wkid%22%3A27700%7D,,,2016-04-25,,,KML,,Conservation;Areas,,,Areas of Conservation
Contaminated Land,North Lanarkshire Council,https://gisdata-nlcmaps.opendata.arcgis.com/maps/nlcmaps::contaminated-land,https://maps.northlanarkshire.gov.uk/server/rest/services/PUBLIC/OPEN_DATA_LAYERS/FeatureServer/18,,,2017-05-24,,,ArcGIS GeoService,,Contaminated;Land,,,Contaminated Land
Contaminated Land,North Lanarkshire Council,https://gisdata-nlcmaps.opendata.arcgis.com/maps/nlcmaps::contaminated-land,https://gisdata-nlcmaps.opendata.arcgis.com/datasets/nlcmaps::contaminated-land.csv?outSR=%7B%22latestWkid%22%3A27700%2C%22wkid%22%3A27700%7D,,,2017-05-24,,,CSV,,Contaminated;Land,,,Contaminated Land
Contaminated Land,North Lanarkshire Council,https://gisdata-nlcmaps.opendata.arcgis.com/maps/nlcmaps::contaminated-land,https://gisdata-nlcmaps.opendata.arcgis.com/datasets/nlcmaps::contaminated-land.geojson?outSR=%7B%22latestWkid%22%3A27700%2C%22wkid%22%3A27700%7D,,,2017-05-24,,,GeoJSON,,Contaminated;Land,,,Contaminated Land
Contaminated Land,North Lanarkshire Council,https://gisdata-nlcmaps.opendata.arcgis.com/maps/nlcmaps::contaminated-land,https://gisdata-nlcmaps.opendata.arcgis.com/datasets/nlcmaps::contaminated-land.zip?outSR=%7B%22latestWkid%22%3A27700%2C%22wkid%22%3A27700%7D,,,2017-05-24,,,ZIP,,Contaminated;Land,,,Contaminated Land
Contaminated Land,North Lanarkshire Council,https://gisdata-nlcmaps.opendata.arcgis.com/maps/nlcmaps::contaminated-land,https://gisdata-nlcmaps.opendata.arcgis.com/datasets/nlcmaps::contaminated-land.kml?outSR=%7B%22latestWkid%22%3A27700%2C%22wkid%22%3A27700%7D,,,2017-05-24,,,KML,,Contaminated;Land,,,Contaminated Land
Community Councils,North Lanarkshire Council,https://gisdata-nlcmaps.opendata.arcgis.com/maps/nlcmaps::community-councils-1,https://maps.northlanarkshire.gov.uk/server/rest/services/PUBLIC/OPEN_DATA_LAYERS/FeatureServer/0,,,2016-04-25,,,ArcGIS GeoService,,Community Councils,,,Community Council Areas
Community Councils,North Lanarkshire Council,https://gisdata-nlcmaps.opendata.arcgis.com/maps/nlcmaps::community-councils-1,https://gisdata-nlcmaps.opendata.arcgis.com/datasets/nlcmaps::community-councils-1.csv?outSR=%7B%22latestWkid%22%3A27700%2C%22wkid%22%3A27700%7D,,,2016-04-25,,,CSV,,Community Councils,,,Community Council Areas
Community Councils,North Lanarkshire Council,https://gisdata-nlcmaps.opendata.arcgis.com/maps/nlcmaps::community-councils-1,https://gisdata-nlcmaps.opendata.arcgis.com/datasets/nlcmaps::community-councils-1.geojson?outSR=%7B%22latestWkid%22%3A27700%2C%22wkid%22%3A27700%7D,,,2016-04-25,,,GeoJSON,,Community Councils,,,Community Council Areas
Community Councils,North Lanarkshire Council,https://gisdata-nlcmaps.opendata.arcgis.com/maps/nlcmaps::community-councils-1,https://gisdata-nlcmaps.opendata.arcgis.com/datasets/nlcmaps::community-councils-1.zip?outSR=%7B%22latestWkid%22%3A27700%2C%22wkid%22%3A27700%7D,,,2016-04-25,,,ZIP,,Community Councils,,,Community Council Areas
Community Councils,North Lanarkshire Council,https://gisdata-nlcmaps.opendata.arcgis.com/maps/nlcmaps::community-councils-1,https://gisdata-nlcmaps.opendata.arcgis.com/datasets/nlcmaps::community-councils-1.kml?outSR=%7B%22latestWkid%22%3A27700%2C%22wkid%22%3A27700%7D,,,2016-04-25,,,KML,,Community Councils,,,Community Council Areas
Green Belt,North Lanarkshire Council,https://gisdata-nlcmaps.opendata.arcgis.com/maps/nlcmaps::green-belt,https://maps.northlanarkshire.gov.uk/server/rest/services/PUBLIC/OPEN_DATA_LAYERS/FeatureServer/9,,,2016-04-25,,,ArcGIS GeoService,,Green;Belt,,,Green Belt areas in North Lanarkshire
Green Belt,North Lanarkshire Council,https://gisdata-nlcmaps.opendata.arcgis.com/maps/nlcmaps::green-belt,https://gisdata-nlcmaps.opendata.arcgis.com/datasets/nlcmaps::green-belt.csv?outSR=%7B%22latestWkid%22%3A27700%2C%22wkid%22%3A27700%7D,,,2016-04-25,,,CSV,,Green;Belt,,,Green Belt areas in North Lanarkshire
Green Belt,North Lanarkshire Council,https://gisdata-nlcmaps.opendata.arcgis.com/maps/nlcmaps::green-belt,https://gisdata-nlcmaps.opendata.arcgis.com/datasets/nlcmaps::green-belt.geojson?outSR=%7B%22latestWkid%22%3A27700%2C%22wkid%22%3A27700%7D,,,2016-04-25,,,GeoJSON,,Green;Belt,,,Green Belt areas in North Lanarkshire
Green Belt,North Lanarkshire Council,https://gisdata-nlcmaps.opendata.arcgis.com/maps/nlcmaps::green-belt,https://gisdata-nlcmaps.opendata.arcgis.com/datasets/nlcmaps::green-belt.zip?outSR=%7B%22latestWkid%22%3A27700%2C%22wkid%22%3A27700%7D,,,2016-04-25,,,ZIP,,Green;Belt,,,Green Belt areas in North Lanarkshire
Green Belt,North Lanarkshire Council,https://gisdata-nlcmaps.opendata.arcgis.com/maps/nlcmaps::green-belt,https://gisdata-nlcmaps.opendata.arcgis.com/datasets/nlcmaps::green-belt.kml?outSR=%7B%22latestWkid%22%3A27700%2C%22wkid%22%3A27700%7D,,,2016-04-25,,,KML,,Green;Belt,,,Green Belt areas in North Lanarkshire
NLC Schools,North Lanarkshire Council,https://gisdata-nlcmaps.opendata.arcgis.com/maps/nlcmaps::nlc-schools-1,https://maps.northlanarkshire.gov.uk/server/rest/services/PUBLIC/OPEN_DATA_LAYERS/FeatureServer/7,,,2016-04-25,,,ArcGIS GeoService,,NLC;Schools,,,"<span style='color: rgb(0, 102, 153); font-family: arial; font-size: 12px; line-height: 17.1429px; background-color: rgb(255, 255, 255);'>Points depicting the location of all the schools which children in North Lanarkshire are in the catchment area for.</span>"
NLC Schools,North Lanarkshire Council,https://gisdata-nlcmaps.opendata.arcgis.com/maps/nlcmaps::nlc-schools-1,https://gisdata-nlcmaps.opendata.arcgis.com/datasets/nlcmaps::nlc-schools-1.csv?outSR=%7B%22latestWkid%22%3A27700%2C%22wkid%22%3A27700%7D,,,2016-04-25,,,CSV,,NLC;Schools,,,"<span style='color: rgb(0, 102, 153); font-family: arial; font-size: 12px; line-height: 17.1429px; background-color: rgb(255, 255, 255);'>Points depicting the location of all the schools which children in North Lanarkshire are in the catchment area for.</span>"
NLC Schools,North Lanarkshire Council,https://gisdata-nlcmaps.opendata.arcgis.com/maps/nlcmaps::nlc-schools-1,https://gisdata-nlcmaps.opendata.arcgis.com/datasets/nlcmaps::nlc-schools-1.geojson?outSR=%7B%22latestWkid%22%3A27700%2C%22wkid%22%3A27700%7D,,,2016-04-25,,,GeoJSON,,NLC;Schools,,,"<span style='color: rgb(0, 102, 153); font-family: arial; font-size: 12px; line-height: 17.1429px; background-color: rgb(255, 255, 255);'>Points depicting the location of all the schools which children in North Lanarkshire are in the catchment area for.</span>"
NLC Schools,North Lanarkshire Council,https://gisdata-nlcmaps.opendata.arcgis.com/maps/nlcmaps::nlc-schools-1,https://gisdata-nlcmaps.opendata.arcgis.com/datasets/nlcmaps::nlc-schools-1.zip?outSR=%7B%22latestWkid%22%3A27700%2C%22wkid%22%3A27700%7D,,,2016-04-25,,,ZIP,,NLC;Schools,,,"<span style='color: rgb(0, 102, 153); font-family: arial; font-size: 12px; line-height: 17.1429px; background-color: rgb(255, 255, 255);'>Points depicting the location of all the schools which children in North Lanarkshire are in the catchment area for.</span>"
NLC Schools,North Lanarkshire Council,https://gisdata-nlcmaps.opendata.arcgis.com/maps/nlcmaps::nlc-schools-1,https://gisdata-nlcmaps.opendata.arcgis.com/datasets/nlcmaps::nlc-schools-1.kml?outSR=%7B%22latestWkid%22%3A27700%2C%22wkid%22%3A27700%7D,,,2016-04-25,,,KML,,NLC;Schools,,,"<span style='color: rgb(0, 102, 153); font-family: arial; font-size: 12px; line-height: 17.1429px; background-color: rgb(255, 255, 255);'>Points depicting the location of all the schools which children in North Lanarkshire are in the catchment area for.</span>"
Cemeteries,North Lanarkshire Council,https://gisdata-nlcmaps.opendata.arcgis.com/maps/nlcmaps::cemeteries,https://maps.northlanarkshire.gov.uk/server/rest/services/PUBLIC/OPEN_DATA_LAYERS/FeatureServer/12,,,2016-04-25,,,ArcGIS GeoService,,Cemeteries;NLC,,,Cemeteries in North Lanarkshire
Cemeteries,North Lanarkshire Council,https://gisdata-nlcmaps.opendata.arcgis.com/maps/nlcmaps::cemeteries,https://gisdata-nlcmaps.opendata.arcgis.com/datasets/nlcmaps::cemeteries.csv?outSR=%7B%22latestWkid%22%3A27700%2C%22wkid%22%3A27700%7D,,,2016-04-25,,,CSV,,Cemeteries;NLC,,,Cemeteries in North Lanarkshire
Cemeteries,North Lanarkshire Council,https://gisdata-nlcmaps.opendata.arcgis.com/maps/nlcmaps::cemeteries,https://gisdata-nlcmaps.opendata.arcgis.com/datasets/nlcmaps::cemeteries.geojson?outSR=%7B%22latestWkid%22%3A27700%2C%22wkid%22%3A27700%7D,,,2016-04-25,,,GeoJSON,,Cemeteries;NLC,,,Cemeteries in North Lanarkshire
Cemeteries,North Lanarkshire Council,https://gisdata-nlcmaps.opendata.arcgis.com/maps/nlcmaps::cemeteries,https://gisdata-nlcmaps.opendata.arcgis.com/datasets/nlcmaps::cemeteries.zip?outSR=%7B%22latestWkid%22%3A27700%2C%22wkid%22%3A27700%7D,,,2016-04-25,,,ZIP,,Cemeteries;NLC,,,Cemeteries in North Lanarkshire
Cemeteries,North Lanarkshire Council,https://gisdata-nlcmaps.opendata.arcgis.com/maps/nlcmaps::cemeteries,https://gisdata-nlcmaps.opendata.arcgis.com/datasets/nlcmaps::cemeteries.kml?outSR=%7B%22latestWkid%22%3A27700%2C%22wkid%22%3A27700%7D,,,2016-04-25,,,KML,,Cemeteries;NLC,,,Cemeteries in North Lanarkshire
Adopted Roads - Indicative only,North Lanarkshire Council,https://gisdata-nlcmaps.opendata.arcgis.com/maps/nlcmaps::adopted-roads-indicative-only,https://maps.northlanarkshire.gov.uk/server/rest/services/PUBLIC/OPEN_DATA_LAYERS/FeatureServer/14,,,2021-07-05,,,ArcGIS GeoService,,adopted;roads;nlc,,,
Adopted Roads - Indicative only,North Lanarkshire Council,https://gisdata-nlcmaps.opendata.arcgis.com/maps/nlcmaps::adopted-roads-indicative-only,https://gisdata-nlcmaps.opendata.arcgis.com/datasets/nlcmaps::adopted-roads-indicative-only.csv?outSR=%7B%22latestWkid%22%3A27700%2C%22wkid%22%3A27700%7D,,,2021-07-05,,,CSV,,adopted;roads;nlc,,,
Adopted Roads - Indicative only,North Lanarkshire Council,https://gisdata-nlcmaps.opendata.arcgis.com/maps/nlcmaps::adopted-roads-indicative-only,https://gisdata-nlcmaps.opendata.arcgis.com/datasets/nlcmaps::adopted-roads-indicative-only.geojson?outSR=%7B%22latestWkid%22%3A27700%2C%22wkid%22%3A27700%7D,,,2021-07-05,,,GeoJSON,,adopted;roads;nlc,,,
Adopted Roads - Indicative only,North Lanarkshire Council,https://gisdata-nlcmaps.opendata.arcgis.com/maps/nlcmaps::adopted-roads-indicative-only,https://gisdata-nlcmaps.opendata.arcgis.com/datasets/nlcmaps::adopted-roads-indicative-only.zip?outSR=%7B%22latestWkid%22%3A27700%2C%22wkid%22%3A27700%7D,,,2021-07-05,,,ZIP,,adopted;roads;nlc,,,
Adopted Roads - Indicative only,North Lanarkshire Council,https://gisdata-nlcmaps.opendata.arcgis.com/maps/nlcmaps::adopted-roads-indicative-only,https://gisdata-nlcmaps.opendata.arcgis.com/datasets/nlcmaps::adopted-roads-indicative-only.kml?outSR=%7B%22latestWkid%22%3A27700%2C%22wkid%22%3A27700%7D,,,2021-07-05,,,KML,,adopted;roads;nlc,,,
LHMA,North Lanarkshire Council,https://gisdata-nlcmaps.opendata.arcgis.com/maps/nlcmaps::lhma,https://maps.northlanarkshire.gov.uk/server/rest/services/PUBLIC/Lv_Internet/MapServer/55,,,2019-08-21,,,ArcGIS GeoService,,LHMA;open;data;open data,,,
LHMA,North Lanarkshire Council,https://gisdata-nlcmaps.opendata.arcgis.com/maps/nlcmaps::lhma,https://gisdata-nlcmaps.opendata.arcgis.com/datasets/nlcmaps::lhma.csv?outSR=%7B%22latestWkid%22%3A27700%2C%22wkid%22%3A27700%7D,,,2019-08-21,,,CSV,,LHMA;open;data;open data,,,
LHMA,North Lanarkshire Council,https://gisdata-nlcmaps.opendata.arcgis.com/maps/nlcmaps::lhma,https://gisdata-nlcmaps.opendata.arcgis.com/datasets/nlcmaps::lhma.geojson?outSR=%7B%22latestWkid%22%3A27700%2C%22wkid%22%3A27700%7D,,,2019-08-21,,,GeoJSON,,LHMA;open;data;open data,,,
LHMA,North Lanarkshire Council,https://gisdata-nlcmaps.opendata.arcgis.com/maps/nlcmaps::lhma,https://gisdata-nlcmaps.opendata.arcgis.com/datasets/nlcmaps::lhma.zip?outSR=%7B%22latestWkid%22%3A27700%2C%22wkid%22%3A27700%7D,,,2019-08-21,,,ZIP,,LHMA;open;data;open data,,,
LHMA,North Lanarkshire Council,https://gisdata-nlcmaps.opendata.arcgis.com/maps/nlcmaps::lhma,https://gisdata-nlcmaps.opendata.arcgis.com/datasets/nlcmaps::lhma.kml?outSR=%7B%22latestWkid%22%3A27700%2C%22wkid%22%3A27700%7D,,,2019-08-21,,,KML,,LHMA;open;data;open data,,,
